[www.cymolthemes.com/html/shiftler/index.html]
[backblue.gif]
[fade.gif]
[index.html]
[www.cymolthemes.com/html/shiftler/images/favicon.png]
[www.cymolthemes.com/html/shiftler/images/logo-img.png]
[www.cymolthemes.com/html/shiftler/images/logo-dark.png]
[www.cymolthemes.com/html/shiftler/home-2.html]
[www.cymolthemes.com/html/shiftler/home-3.html]
[www.cymolthemes.com/html/shiftler/home-4.html]
[www.cymolthemes.com/html/shiftler/home-5.html]
[www.cymolthemes.com/html/shiftler/home-6.html]
[www.cymolthemes.com/html/shiftler/header-style-02.html]
[www.cymolthemes.com/html/shiftler/header-style-03.html]
[www.cymolthemes.com/html/shiftler/header-style-04.html]
[www.cymolthemes.com/html/shiftler/header-style-05.html]
[www.cymolthemes.com/html/shiftler/about-us.html]
[www.cymolthemes.com/html/shiftler/services-1.html]
[www.cymolthemes.com/html/shiftler/contact-us-1.html]
[www.cymolthemes.com/html/shiftler/our-team.html]
[www.cymolthemes.com/html/shiftler/james-cameron.html]
[www.cymolthemes.com/html/shiftler/faq.html]
[www.cymolthemes.com/html/shiftler/shop.html]
[www.cymolthemes.com/html/shiftler/checkout.html]
[www.cymolthemes.com/html/shiftler/air-freight-services.html]
[www.cymolthemes.com/html/shiftler/drone-delivery-services.html]
[www.cymolthemes.com/html/shiftler/road-fright-services.html]
[www.cymolthemes.com/html/shiftler/warehousing-services.html]
[www.cymolthemes.com/html/shiftler/consulting-storage.html]
[www.cymolthemes.com/html/shiftler/commercial-movers.html]
[www.cymolthemes.com/html/shiftler/portfolio-style-1.html]
[www.cymolthemes.com/html/shiftler/customize-brokerage.html]
[www.cymolthemes.com/html/shiftler/single-style-02.html]
[www.cymolthemes.com/html/shiftler/single-style-03.html]
[www.cymolthemes.com/html/shiftler/blog-classic.html]
[www.cymolthemes.com/html/shiftler/blog-grid-view.html]
[www.cymolthemes.com/html/shiftler/blog-single-view.html]
[www.cymolthemes.com/html/shiftler/images/slides/slider-mainbg-001.jpg]
[www.cymolthemes.com/html/shiftler/images/slides/slider-mainbg-002.jpg]
[www.cymolthemes.com/html/shiftler/images/services/services-img05-520x520.jpg]
[www.cymolthemes.com/html/shiftler/images/services/services-img06-520x520.jpg]
[www.cymolthemes.com/html/shiftler/images/services/services-img01-520x520.jpg]
[www.cymolthemes.com/html/shiftler/images/services/services-img04-520x520.jpg]
[www.cymolthemes.com/html/shiftler/images/services/services-img02-520x520.jpg]
[www.cymolthemes.com/html/shiftler/images/services/services-img03-520x520.jpg]
[www.cymolthemes.com/html/shiftler/images/bg-img/col-bgimage-1.jpg]
[www.cymolthemes.com/html/shiftler/images/portfolio/cmt-portfolio-1.jpg]
[www.cymolthemes.com/html/shiftler/images/portfolio/cmt-portfolio-2.jpg]
[www.cymolthemes.com/html/shiftler/images/portfolio/cmt-portfolio-3.jpg]
[www.cymolthemes.com/html/shiftler/images/portfolio/cmt-portfolio-4.jpg]
[www.cymolthemes.com/html/shiftler/images/portfolio/cmt-portfolio-5.jpg]
[www.cymolthemes.com/html/shiftler/images/testimonial/review-img1-100x100.jpg]
[www.cymolthemes.com/html/shiftler/images/testimonial/review-img2-100x100.jpg]
[www.cymolthemes.com/html/shiftler/images/testimonial/review-img3-100x100.jpg]
[www.cymolthemes.com/html/shiftler/images/client/white-client-logo1.png]
[www.cymolthemes.com/html/shiftler/images/client/white-client-logo2.png]
[www.cymolthemes.com/html/shiftler/images/client/white-client-logo3.png]
[www.cymolthemes.com/html/shiftler/images/client/white-client-logo4.png]
[www.cymolthemes.com/html/shiftler/images/testimonial/testimonial-1.png]
[www.cymolthemes.com/html/shiftler/images/testimonial/testimonial-2.png]
[www.cymolthemes.com/html/shiftler/images/testimonial/testimonial-3.png]
[www.cymolthemes.com/html/shiftler/images/testimonial/testimonial-4.png]
[www.cymolthemes.com/html/shiftler/images/testimonial/testimonial-5.png]
[www.cymolthemes.com/html/shiftler/images/blog/cmt-post-003-720x520.png]
[www.cymolthemes.com/html/shiftler/images/blog/cmt-post-002-1-720x520.jpg]
[www.cymolthemes.com/html/shiftler/images/blog/cmt-blog03-720x520.jpg]
[www.cymolthemes.com/html/shiftler/images/blog/cmt-blog04-720x520.jpg]
[www.cymolthemes.com/html/shiftler/images/blog/cmt-post-001-720x520.png]
[www.cymolthemes.com/html/shiftler/js/jquery-3.6.0.min.js]
[www.cymolthemes.com/html/shiftler/index-2.html]
[www.cymolthemes.com/html/shiftler/js/jquery-migrate-3.3.2.min.js]
[www.cymolthemes.com/html/shiftler/js/bootstrap.min.js]
[www.cymolthemes.com/html/shiftler/js/jquery.easing.js]
[www.cymolthemes.com/html/shiftler/js/popper.min.js]
[www.cymolthemes.com/html/shiftler/js/jquery-waypoints.js]
[www.cymolthemes.com/html/shiftler/js/jquery-validate.js]
[www.cymolthemes.com/html/shiftler/js/jquery.prettyPhoto.js]
[www.cymolthemes.com/html/shiftler/js/slick.min.js]
[www.cymolthemes.com/html/shiftler/js/numinate.min.js]
[www.cymolthemes.com/html/shiftler/js/main.js]
[www.cymolthemes.com/html/shiftler/index.html]
[www.cymolthemes.com/html/shiftler/css/bootstrap.min.css]
[www.cymolthemes.com/html/shiftler/css/animate.css]
[www.cymolthemes.com/html/shiftler/fonts/Flaticon.eot]
[www.cymolthemes.com/html/shiftler/fonts/Flaticond41d.eot]
[www.cymolthemes.com/html/shiftler/fonts/Flaticon.woff2]
[www.cymolthemes.com/html/shiftler/fonts/Flaticon.woff]
[www.cymolthemes.com/html/shiftler/fonts/Flaticon.ttf]
[www.cymolthemes.com/html/shiftler/css/flaticon.css]
[www.cymolthemes.com/html/shiftler/fonts/fontawesome-webfont3e6e.eot]
[www.cymolthemes.com/html/shiftler/fonts/fontawesome-webfontd41d.eot]
[www.cymolthemes.com/html/shiftler/fonts/fontawesome-webfont3e6e.woff2]
[www.cymolthemes.com/html/shiftler/fonts/fontawesome-webfont3e6e.woff]
[www.cymolthemes.com/html/shiftler/fonts/fontawesome-webfont3e6e.ttf]
[www.cymolthemes.com/html/shiftler/css/font-awesome.min.css]
[www.cymolthemes.com/html/shiftler/fonts/themify9f24.eot]
[www.cymolthemes.com/html/shiftler/fonts/themifyd41d.eot]
[www.cymolthemes.com/html/shiftler/fonts/themify9f24.woff]
[www.cymolthemes.com/html/shiftler/fonts/themify9f24.ttf]
[www.cymolthemes.com/html/shiftler/css/themify-icons.css]
[www.cymolthemes.com/html/shiftler/css/slick.css]
[www.cymolthemes.com/html/shiftler/images/prettyPhoto/default/sprite.png]
[www.cymolthemes.com/html/shiftler/images/prettyPhoto/default/sprite_x.png]
[www.cymolthemes.com/html/shiftler/images/prettyPhoto/default/sprite_y.png]
[www.cymolthemes.com/html/shiftler/images/prettyPhoto/default/sprite_next.png]
[www.cymolthemes.com/html/shiftler/images/prettyPhoto/default/sprite_prev.png]
[www.cymolthemes.com/html/shiftler/images/prettyPhoto/default/default_thumb.png]
[www.cymolthemes.com/html/shiftler/images/prettyPhoto/default/loader.gif]
[www.cymolthemes.com/html/shiftler/images/prettyPhoto/light_rounded/sprite.png]
[www.cymolthemes.com/html/shiftler/images/prettyPhoto/light_rounded/btnNext.png]
[www.cymolthemes.com/html/shiftler/images/prettyPhoto/light_rounded/btnPrevious.png]
[www.cymolthemes.com/html/shiftler/images/prettyPhoto/dark_rounded/sprite.png]
[www.cymolthemes.com/html/shiftler/images/prettyPhoto/dark_rounded/contentPattern.png]
[www.cymolthemes.com/html/shiftler/images/prettyPhoto/dark_rounded/btnNext.png]
[www.cymolthemes.com/html/shiftler/images/prettyPhoto/dark_rounded/btnPrevious.png]
[www.cymolthemes.com/html/shiftler/images/prettyPhoto/dark_rounded/loader.gif]
[www.cymolthemes.com/html/shiftler/images/prettyPhoto/dark_square/loader.gif]
[www.cymolthemes.com/html/shiftler/images/prettyPhoto/dark_square/sprite.png]
[www.cymolthemes.com/html/shiftler/images/prettyPhoto/dark_square/btnNext.png]
[www.cymolthemes.com/html/shiftler/images/prettyPhoto/dark_square/btnPrevious.png]
[www.cymolthemes.com/html/shiftler/images/prettyPhoto/light_square/sprite.png]
[www.cymolthemes.com/html/shiftler/images/prettyPhoto/light_square/btnNext.png]
[www.cymolthemes.com/html/shiftler/images/prettyPhoto/light_square/btnPrevious.png]
[www.cymolthemes.com/html/shiftler/images/prettyPhoto/facebook/sprite.png]
[www.cymolthemes.com/html/shiftler/images/prettyPhoto/facebook/contentPatternTop.png]
[www.cymolthemes.com/html/shiftler/images/prettyPhoto/facebook/contentPatternLeft.png]
[www.cymolthemes.com/html/shiftler/images/prettyPhoto/facebook/contentPatternRight.png]
[www.cymolthemes.com/html/shiftler/images/prettyPhoto/facebook/loader.gif]
[www.cymolthemes.com/html/shiftler/images/prettyPhoto/facebook/btnNext.png]
[www.cymolthemes.com/html/shiftler/images/prettyPhoto/facebook/btnPrevious.png]
[www.cymolthemes.com/html/shiftler/images/prettyPhoto/facebook/contentPatternBottom.png]
[www.cymolthemes.com/html/shiftler/images/prettyPhoto/facebook/default_thumbnail.gif]
[www.cymolthemes.com/html/shiftler/images/prettyPhoto/light_rounded/loader.gif]
[www.cymolthemes.com/html/shiftler/css/prettyPhoto.css]
[www.cymolthemes.com/html/shiftler/images/bg-img/row-bgimage-1.png]
[www.cymolthemes.com/html/shiftler/images/bg-img/row-bgimage-2.jpg]
[www.cymolthemes.com/html/shiftler/images/bg-img/row-bgimage-3.png]
[www.cymolthemes.com/html/shiftler/images/bg-img/row-bgimage-4.jpg]
[www.cymolthemes.com/html/shiftler/images/bg-img/row-bgimage-5.jpg]
[www.cymolthemes.com/html/shiftler/images/bg-img/row-bgimage-6.png]
[www.cymolthemes.com/html/shiftler/images/bg-img/row-bgimage-7.png]
[www.cymolthemes.com/html/shiftler/images/bg-img/row-bgimage-8.png]
[www.cymolthemes.com/html/shiftler/images/bg-img/row-bgimage-9.jpg]
[www.cymolthemes.com/html/shiftler/images/bg-img/row-bgimage-10.jpg]
[www.cymolthemes.com/html/shiftler/images/bg-img/row-bgimage-11.jpg]
[www.cymolthemes.com/html/shiftler/images/bg-img/row-bgimage-12.png]
[www.cymolthemes.com/html/shiftler/images/bg-img/row-bgimage-13.jpg]
[www.cymolthemes.com/html/shiftler/images/bg-img/row-bgimage-14.png]
[www.cymolthemes.com/html/shiftler/images/bg-img/row-bgimage-15.jpg]
[www.cymolthemes.com/html/shiftler/images/bg-img/row-bgimage-16.jpg]
[www.cymolthemes.com/html/shiftler/images/bg-img/row-bgimage-17.jpg]
[www.cymolthemes.com/html/shiftler/images/bg-img/row-bgimage-18.jpg]
[www.cymolthemes.com/html/shiftler/images/bg-img/row-bgimage-19.jpg]
[www.cymolthemes.com/html/shiftler/images/bg-img/row-bgimage-20.png]
[www.cymolthemes.com/html/shiftler/images/bg-img/col-bgimage-2.jpg]
[www.cymolthemes.com/html/shiftler/images/bg-img/col-bgimage-3.png]
[www.cymolthemes.com/html/shiftler/images/bg-img/col-bgimage-4.png]
[www.cymolthemes.com/html/shiftler/images/bg-img/col-bgimage-5.png]
[www.cymolthemes.com/html/shiftler/images/bg-img/col-bgimage-6.png]
[www.cymolthemes.com/html/shiftler/images/bg-img/col-bgimage-7.jpg]
[www.cymolthemes.com/html/shiftler/images/bg-img/col-bgimage-8.png]
[www.cymolthemes.com/html/shiftler/images/bg-img/col-bgimage-10.jpg]
[www.cymolthemes.com/html/shiftler/images/cmt-servicebanner-col-img.png]
[www.cymolthemes.com/html/shiftler/css/shortcode.css]
[www.cymolthemes.com/html/shiftler/images/footer-bg.png]
[www.cymolthemes.com/html/shiftler/images/cmt-titlebar-bg.png]
[www.cymolthemes.com/html/shiftler/css/main.css]
[www.cymolthemes.com/html/shiftler/css/megamenu.css]
[www.cymolthemes.com/html/shiftler/css/responsive.css]
[www.cymolthemes.com/html/shiftler/images/slides/slider-mainbg-003.jpg]
[www.cymolthemes.com/html/shiftler/images/slides/slider-mainbg-004.jpg]
[www.cymolthemes.com/html/shiftler/images/single-img-01.jpg]
[www.cymolthemes.com/html/shiftler/images/courier-icon.png]
[www.cymolthemes.com/html/shiftler/images/portfolio/cmt-portfolio-one-1-370x450.jpg]
[www.cymolthemes.com/html/shiftler/images/portfolio/cmt-portfolio-one-2-370x450.jpg]
[www.cymolthemes.com/html/shiftler/images/portfolio/cmt-portfolio-one-3-370x450.jpg]
[www.cymolthemes.com/html/shiftler/images/portfolio/cmt-portfolio-one-4-370x450.jpg]
[www.cymolthemes.com/html/shiftler/images/blog/cmt-post-003-692x510.png]
[www.cymolthemes.com/html/shiftler/images/blog/cmt-blog03-692x510.jpg]
[www.cymolthemes.com/html/shiftler/images/client/clientlogo-one.png]
[www.cymolthemes.com/html/shiftler/images/client/clientlogo-two.png]
[www.cymolthemes.com/html/shiftler/images/client/clientlogo-three.png]
[www.cymolthemes.com/html/shiftler/images/client/clientlogo-four.png]
[www.cymolthemes.com/html/shiftler/images/client/clientlogo-five.png]
[www.cymolthemes.com/html/shiftler/home-2.html]
[www.cymolthemes.com/html/shiftler/images/slides/slider-mainbg-005.jpg]
[www.cymolthemes.com/html/shiftler/images/slides/slider-mainbg-006.jpg]
[www.cymolthemes.com/html/shiftler/images/single-img-02.jpg]
[www.cymolthemes.com/html/shiftler/images/single-img-03.png]
[www.cymolthemes.com/html/shiftler/images/team/team-001-550x650.png]
[www.cymolthemes.com/html/shiftler/images/team/team-002-550x650.png]
[www.cymolthemes.com/html/shiftler/images/team/team-003-550x650.png]
[www.cymolthemes.com/html/shiftler/images/team/team-005-550x650.png]
[www.cymolthemes.com/html/shiftler/images/blog/cmt-post-002-1-1044x626.jpg]
[www.cymolthemes.com/html/shiftler/images/blog/cmt-post-001-546x546.png]
[www.cymolthemes.com/html/shiftler/images/blog/cmt-post-003-546x546.png]
[www.cymolthemes.com/html/shiftler/home-3.html]
[www.cymolthemes.com/html/shiftler/images/single-img-10.jpg]
[www.cymolthemes.com/html/shiftler/images/single-img-11.jpg]
[www.cymolthemes.com/html/shiftler/home-4.html]
[www.cymolthemes.com/html/shiftler/images/single-img-12.png]
[www.cymolthemes.com/html/shiftler/images/author-sign-01.png]
[www.cymolthemes.com/html/shiftler/images/tab-img02-526x459.jpg]
[www.cymolthemes.com/html/shiftler/images/tab-img01-526x437.jpg]
[www.cymolthemes.com/html/shiftler/images/testimonial/review-img4-80x80.jpg]
[www.cymolthemes.com/html/shiftler/home-5.html]
[www.cymolthemes.com/html/shiftler/âhttps_/www.cymolthemes.com/html/shiftler/home-6.htmlâ]
[www.cymolthemes.com/html/shiftler/images/single-img-13.jpg]
[www.cymolthemes.com/html/shiftler/images/single-img-14.jpg]
[www.cymolthemes.com/html/shiftler/images/portfolio/cmt-portfolio-one-2-720x580.jpg]
[www.cymolthemes.com/html/shiftler/images/portfolio/cmt-portfolio-one-3-720x580.jpg]
[www.cymolthemes.com/html/shiftler/images/portfolio/cmt-portfolio-one-1-720x580.jpg]
[www.cymolthemes.com/html/shiftler/home-6.html]
[www.cymolthemes.com/html/shiftler/header-style-02.html]
[www.cymolthemes.com/html/shiftler/header-style-03.html]
[www.cymolthemes.com/html/shiftler/contact-us.html]
[www.cymolthemes.com/html/shiftler/images/slides/slider-mainbg-007.jpg]
[www.cymolthemes.com/html/shiftler/images/slides/slider-mainbg-008.jpg]
[www.cymolthemes.com/html/shiftler/header-style-04.html]
[www.cymolthemes.com/html/shiftler/images/slides/slider-mainbg-009.jpg]
[www.cymolthemes.com/html/shiftler/js/jarallax.min.js]
[www.cymolthemes.com/html/shiftler/js/jarallax-video.min.js]
[www.cymolthemes.com/html/shiftler/header-style-05.html]
[www.cymolthemes.com/html/shiftler/images/single-img-04.jpg]
[www.cymolthemes.com/html/shiftler/images/single-img-05.jpg]
[www.cymolthemes.com/html/shiftler/about-us.html]
[www.cymolthemes.com/html/shiftler/images/single-img-06.jpg]
[www.cymolthemes.com/html/shiftler/services-1.html]
[www.cymolthemes.com/html/shiftler/images/single-img-07.png]
[www.cymolthemes.com/html/shiftler/images/single-img-08.png]
[www.cymolthemes.com/html/shiftler/contact-us-1.html]
[www.cymolthemes.com/html/shiftler/images/team/team-006-550x650.png]
[www.cymolthemes.com/html/shiftler/images/team/team-007-550x650.png]
[www.cymolthemes.com/html/shiftler/our-team.html]
[www.cymolthemes.com/html/shiftler/images/team/team-001.png]
[www.cymolthemes.com/html/shiftler/james-cameron.html]
[www.cymolthemes.com/html/shiftler/faq.html]
[www.cymolthemes.com/html/shiftler/images/product/p7-470x520.jpg]
[www.cymolthemes.com/html/shiftler/images/product/p5-470x520.jpg]
[www.cymolthemes.com/html/shiftler/images/product/p8-470x520.jpg]
[www.cymolthemes.com/html/shiftler/images/product/p4-470x520.jpg]
[www.cymolthemes.com/html/shiftler/images/product/p10-470x520.jpg]
[www.cymolthemes.com/html/shiftler/images/product/p3-470x520.jpg]
[www.cymolthemes.com/html/shiftler/images/product/p1-470x520.jpg]
[www.cymolthemes.com/html/shiftler/images/product/p2-470x520.jpg]
[www.cymolthemes.com/html/shiftler/shope-page-2.html]
[www.cymolthemes.com/html/shiftler/shop.html]
[www.cymolthemes.com/html/shiftler/checkout.html]
[www.cymolthemes.com/html/shiftler/images/services/post-003.jpg]
[www.cymolthemes.com/html/shiftler/product-details.html]
[www.cymolthemes.com/html/shiftler/cart.html]
[www.cymolthemes.com/html/shiftler/images/services/post-001-812x360.jpg]
[www.cymolthemes.com/html/shiftler/air-freight-services.html]
[www.cymolthemes.com/html/shiftler/images/services/post-007.jpg]
[www.cymolthemes.com/html/shiftler/images/services/col-bg-img002-400x320.jpg]
[www.cymolthemes.com/html/shiftler/drone-delivery-services.html]
[www.cymolthemes.com/html/shiftler/james-cameron]
[www.cymolthemes.com/html/shiftler/single-style-1.html]
[www.cymolthemes.com/html/shiftler/single-style-2.html]
[www.cymolthemes.com/html/shiftler/single-style-3.html]
[www.cymolthemes.com/html/shiftler/blog.html]
[www.cymolthemes.com/html/shiftler/blog-single.html]
[www.cymolthemes.com/html/shiftler/images/services/post-001.jpg]
[www.cymolthemes.com/html/shiftler/images/services/col-bg-img001.jpg]
[www.cymolthemes.com/html/shiftler/road-fright-services.html]
[www.cymolthemes.com/html/shiftler/images/services/post-006.jpg]
[www.cymolthemes.com/html/shiftler/warehousing-services.html]
[www.cymolthemes.com/html/shiftler/images/services/post-img03.jpg]
[www.cymolthemes.com/html/shiftler/consulting-storage.html]
[www.cymolthemes.com/html/shiftler/images/services/post-002.jpg]
[www.cymolthemes.com/html/shiftler/images/services/project008-700x800.jpg]
[www.cymolthemes.com/html/shiftler/images/services/project005-700x800.jpg]
[www.cymolthemes.com/html/shiftler/images/services/project001-700x800.jpg]
[www.cymolthemes.com/html/shiftler/commercial-movers.html]
[www.cymolthemes.com/html/shiftler/images/portfolio/cmt-portfolio-6.jpg]
[www.cymolthemes.com/html/shiftler/portfolio-style-1.html]
[www.cymolthemes.com/html/shiftler/images/portfolio/cmt-portfolio-one-2.jpg]
[www.cymolthemes.com/html/shiftler/customize-brokerage.html]
[www.cymolthemes.com/html/shiftler/single-style-02.html]
[www.cymolthemes.com/html/shiftler/images/portfolio/cmt-portfolio-one-1.jpg]
[www.cymolthemes.com/html/shiftler/single-style-03.html]
[www.cymolthemes.com/html/shiftler/images/blog/cmt-post-001-820x470.png]
[www.cymolthemes.com/html/shiftler/images/blog/cmt-post-001-150x150.png]
[www.cymolthemes.com/html/shiftler/images/blog/cmt-post-002-1-150x150.jpg]
[www.cymolthemes.com/html/shiftler/images/blog/cmt-post-003-150x150.png]
[www.cymolthemes.com/html/shiftler/images/services/services-img04.jpg]
[www.cymolthemes.com/html/shiftler/images/blog/services-img04-150x150.jpg]
[www.cymolthemes.com/html/shiftler/images/services/services-img02.jpg]
[www.cymolthemes.com/html/shiftler/images/blog/services-img02-150x150.jpg]
[www.cymolthemes.com/html/shiftler/images/blog/post-img06.jpg]
[www.cymolthemes.com/html/shiftler/images/blog/post-img06-150x150.jpg]
[www.cymolthemes.com/html/shiftler/images/blog/post-img05.jpg]
[www.cymolthemes.com/html/shiftler/images/blog/post-img05-150x150.jpg]
[www.cymolthemes.com/html/shiftler/images/blog/post-img04.jpg]
[www.cymolthemes.com/html/shiftler/images/blog/post-img04-150x150.jpg]
[www.cymolthemes.com/html/shiftler/images/services/services-img01.jpg]
[www.cymolthemes.com/html/shiftler/images/blog/services-img01-150x150.jpg]
[www.cymolthemes.com/html/shiftler/images/blog/project008.jpg]
[www.cymolthemes.com/html/shiftler/images/blog/project008-150x150.jpg]
[www.cymolthemes.com/html/shiftler/images/blog/project007.jpg]
[www.cymolthemes.com/html/shiftler/images/blog/project007-150x150.jpg]
[www.cymolthemes.com/html/shiftler/images/blog/cmt-portfolio-one-2-150x150.jpg]
[www.cymolthemes.com/html/shiftler/images/blog/cmt-blogsidebar.png]
[www.cymolthemes.com/html/shiftler/blog-classic.html]
[www.cymolthemes.com/html/shiftler/images/blog/cmt-blog05-720x520.jpg]
[www.cymolthemes.com/html/shiftler/blog-grid-view.html]
[www.cymolthemes.com/html/shiftler/images/blog/single-image-004.png]
[www.cymolthemes.com/html/shiftler/images/blog/single-image-005.png]
[www.cymolthemes.com/html/shiftler/blog-single-view.html]
[www.cymolthemes.com/html/shiftler/index-2.html]
[www.cymolthemes.com/html/shiftler/fonts/Flaticon.svg]
[www.cymolthemes.com/html/shiftler/fonts/fontawesome-webfont3e6e.svg]
[www.cymolthemes.com/html/shiftler/fonts/themify9f24.svg]
[www.cymolthemes.com/html/shiftler/âhttps_/www.cymolthemes.com/html/shiftler/home-6.html]
[www.cymolthemes.com/html/shiftler/contact-us.html]
[www.cymolthemes.com/html/shiftler/images/product/p9-470x520.jpg]
[www.cymolthemes.com/html/shiftler/shope-page-2.html]
[www.cymolthemes.com/html/shiftler/images/product/p6-470x520.jpg]
[www.cymolthemes.com/html/shiftler/product-details.html]
[www.cymolthemes.com/html/shiftler/cart.html]
[www.cymolthemes.com/html/shiftler/james-cameron-2.html]
[www.cymolthemes.com/html/shiftler/single-style-1.html]
[www.cymolthemes.com/html/shiftler/single-style-2.html]
[www.cymolthemes.com/html/shiftler/single-style-3.html]
[www.cymolthemes.com/html/shiftler/blog.html]
[www.cymolthemes.com/html/shiftler/blog-single.html]
